{"level":"info","message":"Hello from Acquisitions!","service":"acquistions-api"}
{"level":"info","message":"::ffff:127.0.0.1 - - [04/Apr/2026:11:11:16 +0000] \"GET / HTTP/1.1\" 200 24 \"-\" \"Mozilla/5.0 (Windows NT; Windows NT 10.0; en-IN) WindowsPowerShell/5.1.26100.7920\"","service":"acquistions-api"}
{"level":"info","message":"Hello from Acquisitions!","service":"acquistions-api"}
{"level":"info","message":"::1 - - [04/Apr/2026:11:11:20 +0000] \"GET / HTTP/1.1\" 200 24 \"-\" \"Mozilla/5.0 (Windows NT 10.0; Win64; x64) AppleWebKit/537.36 (KHTML, like Gecko) Chrome/146.0.0.0 Safari/537.36\"","service":"acquistions-api"}
{"level":"info","message":"::1 - - [04/Apr/2026:11:11:21 +0000] \"GET /favicon.ico HTTP/1.1\" 404 150 \"-\" \"Mozilla/5.0 (Windows NT 10.0; Win64; x64) AppleWebKit/537.36 (KHTML, like Gecko) Chrome/146.0.0.0 Safari/537.36\"","service":"acquistions-api"}
{"level":"info","message":"Hello from Acquisitions!","service":"acquistions-api"}
{"level":"info","message":"::1 - - [04/Apr/2026:11:11:45 +0000] \"GET / HTTP/1.1\" 200 24 \"-\" \"Mozilla/5.0 (Windows NT; Windows NT 10.0; en-IN) WindowsPowerShell/5.1.26100.7920\"","service":"acquistions-api"}
{"level":"info","message":"Hello from Acquisitions!","service":"acquistions-api"}
{"level":"info","message":"::1 - - [04/Apr/2026:11:11:56 +0000] \"GET / HTTP/1.1\" 200 24 \"-\" \"Mozilla/5.0 (Windows NT; Windows NT 10.0; en-IN) WindowsPowerShell/5.1.26100.7920\"","service":"acquistions-api"}
{"level":"info","message":"Hello from Acquisitions!","service":"acquistions-api"}
{"level":"info","message":"::1 - - [04/Apr/2026:11:12:20 +0000] \"GET / HTTP/1.1\" 304 - \"-\" \"Mozilla/5.0 (Windows NT 10.0; Win64; x64) AppleWebKit/537.36 (KHTML, like Gecko) Chrome/146.0.0.0 Safari/537.36\"","service":"acquistions-api"}
{"level":"info","message":"Hello from Acquisitions!","service":"acquistions-api"}
{"level":"info","message":"::1 - - [04/Apr/2026:15:59:13 +0000] \"GET / HTTP/1.1\" 304 - \"-\" \"Mozilla/5.0 (Windows NT 10.0; Win64; x64) AppleWebKit/537.36 (KHTML, like Gecko) Chrome/146.0.0.0 Safari/537.36\"","service":"acquistions-api"}
{"level":"info","message":"Hello from Acquisitions!","service":"acquistions-api"}
{"level":"info","message":"::1 - - [04/Apr/2026:15:59:16 +0000] \"GET / HTTP/1.1\" 304 - \"-\" \"Mozilla/5.0 (Windows NT 10.0; Win64; x64) AppleWebKit/537.36 (KHTML, like Gecko) Chrome/146.0.0.0 Safari/537.36\"","service":"acquistions-api"}
{"level":"info","message":"Hello from Acquisitions!","service":"acquistions-api"}
{"level":"info","message":"::1 - - [04/Apr/2026:16:00:55 +0000] \"GET / HTTP/1.1\" 304 - \"-\" \"Mozilla/5.0 (Windows NT 10.0; Win64; x64) AppleWebKit/537.36 (KHTML, like Gecko) Chrome/146.0.0.0 Safari/537.36\"","service":"acquistions-api"}
{"level":"info","message":"Hello from Acquisitions!","service":"acquistions-api"}
{"level":"info","message":"::1 - - [04/Apr/2026:16:16:55 +0000] \"GET / HTTP/1.1\" 200 24 \"-\" \"Mozilla/5.0 (Windows NT; Windows NT 10.0; en-IN) WindowsPowerShell/5.1.26100.7920\"","service":"acquistions-api"}
{"level":"info","message":"Hello from Acquisitions!","service":"acquistions-api"}
{"level":"info","message":"::1 - - [04/Apr/2026:16:20:11 +0000] \"GET / HTTP/1.1\" 200 24 \"-\" \"Mozilla/5.0 (Windows NT; Windows NT 10.0; en-IN) WindowsPowerShell/5.1.26100.7920\"","service":"acquistions-api"}
{"level":"info","message":"Hello from Acquisitions!","service":"acquistions-api"}
{"level":"info","message":"::1 - - [04/Apr/2026:16:23:09 +0000] \"GET / HTTP/1.1\" 200 24 \"-\" \"HTTPie\"","service":"acquistions-api"}
{"level":"info","message":"::1 - - [04/Apr/2026:16:23:14 +0000] \"GET /api HTTP/1.1\" 200 42 \"-\" \"HTTPie\"","service":"acquistions-api"}
{"level":"info","message":"::1 - - [04/Apr/2026:16:43:35 +0000] \"GET /health HTTP/1.1\" 200 76 \"-\" \"HTTPie\"","service":"acquistions-api"}
{"level":"info","message":"::1 - - [04/Apr/2026:16:43:50 +0000] \"POST /api/auth/sign-in HTTP/1.1\" 404 156 \"-\" \"HTTPie\"","service":"acquistions-api"}
{"level":"info","message":"::1 - - [04/Apr/2026:16:44:08 +0000] \"POST /api/auth/sign-in HTTP/1.1\" 404 156 \"-\" \"HTTPie\"","service":"acquistions-api"}
{"level":"info","message":"::1 - - [04/Apr/2026:16:45:29 +0000] \"POST /api/auth/sign-in HTTP/1.1\" 200 31 \"-\" \"HTTPie\"","service":"acquistions-api"}
{"level":"info","message":"::1 - - [04/Apr/2026:16:45:35 +0000] \"POST /api/auth/sign-out HTTP/1.1\" 200 32 \"-\" \"HTTPie\"","service":"acquistions-api"}
{"level":"info","message":"::1 - - [04/Apr/2026:16:45:42 +0000] \"POST /api/auth/sign-up HTTP/1.1\" 200 31 \"-\" \"HTTPie\"","service":"acquistions-api"}
{"level":"info","message":"::1 - - [04/Apr/2026:18:06:51 +0000] \"POST /api/auth/sign-up HTTP/1.1\" 400 92 \"-\" \"HTTPie\"","service":"acquistions-api"}
{"level":"info","message":"::1 - - [04/Apr/2026:18:08:48 +0000] \"POST /api/auth/sign-up HTTP/1.1\" 400 144 \"-\" \"HTTPie\"","service":"acquistions-api"}
{"email":"kmuraliashwin@gmail.com","level":"info","message":"User registered successfully:","service":"acquistions-api"}
{"level":"info","message":"::1 - - [04/Apr/2026:18:09:03 +0000] \"POST /api/auth/sign-up HTTP/1.1\" 201 109 \"-\" \"HTTPie\"","service":"acquistions-api"}
{"level":"info","message":"User created successfully with email: kmuraliashwin@gmail.com","service":"acquistions-api"}
{"email":"kmuraliashwin@gmail.com","level":"info","message":"User registered successfully:","service":"acquistions-api"}
{"level":"info","message":"::1 - - [05/Apr/2026:05:22:56 +0000] \"POST /api/auth/sign-up HTTP/1.1\" 201 110 \"-\" \"HTTPie\"","service":"acquistions-api"}
{"level":"info","message":"User created successfully with email: jsmastery@gmail.com","service":"acquistions-api"}
{"email":"jsmastery@gmail.com","level":"info","message":"User registered successfully:","service":"acquistions-api"}
{"level":"info","message":"::1 - - [05/Apr/2026:05:34:31 +0000] \"POST /api/auth/sign-up HTTP/1.1\" 201 105 \"-\" \"HTTPie\"","service":"acquistions-api"}
{"level":"info","message":"User authenticated successfully with email: jsmastery@gmail.com","service":"acquistions-api"}
{"email":"jsmastery@gmail.com","level":"info","message":"User signed in successfully:","service":"acquistions-api"}
{"level":"info","message":"::1 - - [05/Apr/2026:06:08:56 +0000] \"POST /api/auth/sign-in HTTP/1.1\" 200 104 \"-\" \"HTTPie\"","service":"acquistions-api"}
{"level":"info","message":"User authenticated successfully with email: kmuraliashwin@gmail.com","service":"acquistions-api"}
{"email":"kmuraliashwin@gmail.com","level":"info","message":"User signed in successfully:","service":"acquistions-api"}
{"level":"info","message":"::1 - - [05/Apr/2026:06:09:04 +0000] \"POST /api/auth/sign-in HTTP/1.1\" 200 109 \"-\" \"HTTPie\"","service":"acquistions-api"}
{"level":"info","message":"User signed out successfully","service":"acquistions-api"}
{"level":"info","message":"::1 - - [05/Apr/2026:06:09:41 +0000] \"POST /api/auth/sign-out HTTP/1.1\" 200 29 \"-\" \"HTTPie\"","service":"acquistions-api"}
{"level":"info","message":"User authenticated successfully with email: kmuraliashwin@gmail.com","service":"acquistions-api"}
{"email":"kmuraliashwin@gmail.com","level":"info","message":"User signed in successfully:","service":"acquistions-api"}
{"level":"info","message":"::1 - - [05/Apr/2026:06:09:47 +0000] \"POST /api/auth/sign-in HTTP/1.1\" 200 109 \"-\" \"HTTPie\"","service":"acquistions-api"}
{"level":"info","message":"User signed out successfully","service":"acquistions-api"}
{"level":"info","message":"::1 - - [05/Apr/2026:06:09:50 +0000] \"POST /api/auth/sign-out HTTP/1.1\" 200 29 \"-\" \"HTTPie\"","service":"acquistions-api"}
